// Jest Snapshot v1, https://goo.gl/fbAQLP

exports[`matches snapshot 1`] = `
<img
  className="d-block m-auto image_style"
  src="Spinner.gif"
/>
`;
